2026-04-13 12:27:52,008 WARNING database DDL Query made to DB:
create table `tabIntegration Request` (
			name varchar(140) primary key,
			creation datetime(6),
			modified datetime(6),
			modified_by varchar(140),
			owner varchar(140),
			docstatus tinyint not null default '0',
			idx int not null default '0',
			`request_id` varchar(140),
`integration_request_service` varchar(140),
`is_remote_request` tinyint(4) NOT NULL DEFAULT 0,
`request_description` varchar(140),
`status` varchar(140) DEFAULT 'Queued',
`url` text,
`request_headers` longtext,
`data` longtext,
`response_headers` longtext,
`output` longtext,
`error` longtext,
`reference_doctype` varchar(140),
`reference_docname` varchar(140),
`_user_tags` text,
`_comments` text,
`_assign` text,
`_liked_by` text,
index creation(creation))
			ENGINE=InnoDB
			ROW_FORMAT=DYNAMIC
			CHARACTER SET=utf8mb4
			COLLATE=utf8mb4_unicode_ci
2026-04-13 12:27:52,253 WARNING database DDL Query made to DB:
create table `tabPrint Format Field Template` (
			name varchar(140) primary key,
			creation datetime(6),
			modified datetime(6),
			modified_by varchar(140),
			owner varchar(140),
			docstatus tinyint not null default '0',
			idx int not null default '0',
			`document_type` varchar(140),
`field` varchar(140),
`template_file` varchar(140),
`module` varchar(140),
`standard` tinyint(4) NOT NULL DEFAULT 0,
`template` longtext,
`_user_tags` text,
`_comments` text,
`_assign` text,
`_liked_by` text,
index creation(creation))
			ENGINE=InnoDB
			ROW_FORMAT=DYNAMIC
			CHARACTER SET=utf8mb4
			COLLATE=utf8mb4_unicode_ci
2026-04-13 12:27:52,467 WARNING database DDL Query made to DB:
create table `tabPrint Heading` (
			name varchar(140) primary key,
			creation datetime(6),
			modified datetime(6),
			modified_by varchar(140),
			owner varchar(140),
			docstatus tinyint not null default '0',
			idx int not null default '0',
			`print_heading` varchar(140) UNIQUE,
`description` text,
`_user_tags` text,
`_comments` text,
`_assign` text,
`_liked_by` text,
index creation(creation))
			ENGINE=InnoDB
			ROW_FORMAT=DYNAMIC
			CHARACTER SET=utf8mb4
			COLLATE=utf8mb4_unicode_ci
2026-04-13 12:27:52,568 WARNING database DDL Query made to DB:
create table `tabLetter Head` (
			name varchar(140) primary key,
			creation datetime(6),
			modified datetime(6),
			modified_by varchar(140),
			owner varchar(140),
			docstatus tinyint not null default '0',
			idx int not null default '0',
			`letter_head_name` varchar(140) UNIQUE,
`source` varchar(140),
`footer_source` varchar(140) DEFAULT 'HTML',
`disabled` tinyint(4) NOT NULL DEFAULT 0,
`is_default` tinyint(4) NOT NULL DEFAULT 0,
`image` text,
`image_height` decimal(21,9) NOT NULL DEFAULT 0.0,
`image_width` decimal(21,9) NOT NULL DEFAULT 0.0,
`align` varchar(140) DEFAULT 'Left',
`content` longtext,
`footer` longtext,
`footer_image` text,
`footer_image_height` decimal(21,9) NOT NULL DEFAULT 0.0,
`footer_image_width` decimal(21,9) NOT NULL DEFAULT 0.0,
`footer_align` varchar(140),
`header_script` longtext,
`footer_script` longtext,
`_user_tags` text,
`_comments` text,
`_assign` text,
`_liked_by` text,
index `is_default`(`is_default`),
index creation(creation))
			ENGINE=InnoDB
			ROW_FORMAT=DYNAMIC
			CHARACTER SET=utf8mb4
			COLLATE=utf8mb4_unicode_ci
2026-04-13 12:27:52,641 WARNING database DDL Query made to DB:
create table `tabNetwork Printer Settings` (
			name varchar(140) primary key,
			creation datetime(6),
			modified datetime(6),
			modified_by varchar(140),
			owner varchar(140),
			docstatus tinyint not null default '0',
			idx int not null default '0',
			`server_ip` varchar(140) DEFAULT 'localhost',
`port` int(11) NOT NULL DEFAULT 631,
`printer_name` varchar(140),
`_user_tags` text,
`_comments` text,
`_assign` text,
`_liked_by` text,
index creation(creation))
			ENGINE=InnoDB
			ROW_FORMAT=DYNAMIC
			CHARACTER SET=utf8mb4
			COLLATE=utf8mb4_unicode_ci
2026-04-13 12:27:52,931 WARNING database DDL Query made to DB:
create table `tabSalutation` (
			name varchar(140) primary key,
			creation datetime(6),
			modified datetime(6),
			modified_by varchar(140),
			owner varchar(140),
			docstatus tinyint not null default '0',
			idx int not null default '0',
			`salutation` varchar(140) UNIQUE,
`_user_tags` text,
`_comments` text,
`_assign` text,
`_liked_by` text,
index creation(creation))
			ENGINE=InnoDB
			ROW_FORMAT=DYNAMIC
			CHARACTER SET=utf8mb4
			COLLATE=utf8mb4_unicode_ci
2026-04-13 12:27:53,222 WARNING database DDL Query made to DB:
create table `tabContact` (
			name varchar(140) primary key,
			creation datetime(6),
			modified datetime(6),
			modified_by varchar(140),
			owner varchar(140),
			docstatus tinyint not null default '0',
			idx int not null default '0',
			`first_name` varchar(140),
`middle_name` varchar(140),
`last_name` varchar(140),
`full_name` varchar(140),
`email_id` varchar(140),
`user` varchar(140),
`address` varchar(140),
`sync_with_google_contacts` tinyint(4) NOT NULL DEFAULT 0,
`status` varchar(140) DEFAULT 'Passive',
`salutation` varchar(140),
`designation` varchar(140),
`gender` varchar(140),
`phone` varchar(140),
`mobile_no` varchar(140),
`company_name` varchar(140),
`image` text,
`google_contacts` varchar(140),
`google_contacts_id` varchar(140),
`pulled_from_google_contacts` tinyint(4) NOT NULL DEFAULT 0,
`is_primary_contact` tinyint(4) NOT NULL DEFAULT 0,
`department` varchar(140),
`unsubscribed` tinyint(4) NOT NULL DEFAULT 0,
`_user_tags` text,
`_comments` text,
`_assign` text,
`_liked_by` text,
index `email_id`(`email_id`),
index creation(creation))
			ENGINE=InnoDB
			ROW_FORMAT=DYNAMIC
			CHARACTER SET=utf8mb4
			COLLATE=utf8mb4_unicode_ci
2026-04-13 12:27:53,368 WARNING database DDL Query made to DB:
create table `tabAddress Template` (
			name varchar(140) primary key,
			creation datetime(6),
			modified datetime(6),
			modified_by varchar(140),
			owner varchar(140),
			docstatus tinyint not null default '0',
			idx int not null default '0',
			`country` varchar(140) UNIQUE,
`is_default` tinyint(4) NOT NULL DEFAULT 0,
`template` longtext,
`_user_tags` text,
`_comments` text,
`_assign` text,
`_liked_by` text,
index creation(creation))
			ENGINE=InnoDB
			ROW_FORMAT=DYNAMIC
			CHARACTER SET=utf8mb4
			COLLATE=utf8mb4_unicode_ci
2026-04-13 12:27:53,435 WARNING database DDL Query made to DB:
create table `tabGender` (
			name varchar(140) primary key,
			creation datetime(6),
			modified datetime(6),
			modified_by varchar(140),
			owner varchar(140),
			docstatus tinyint not null default '0',
			idx int not null default '0',
			`gender` varchar(140) UNIQUE,
`_user_tags` text,
`_comments` text,
`_assign` text,
`_liked_by` text,
index creation(creation))
			ENGINE=InnoDB
			ROW_FORMAT=DYNAMIC
			CHARACTER SET=utf8mb4
			COLLATE=utf8mb4_unicode_ci
2026-04-13 12:27:53,494 WARNING database DDL Query made to DB:
create table `tabContact Phone` (
			name varchar(140) primary key,
			creation datetime(6),
			modified datetime(6),
			modified_by varchar(140),
			owner varchar(140),
			docstatus tinyint not null default '0',
			idx int not null default '0',
			`phone` varchar(140),
`is_primary_phone` tinyint(4) NOT NULL DEFAULT 0,
`is_primary_mobile_no` tinyint(4) NOT NULL DEFAULT 0,
parent varchar(140),
parentfield varchar(140),
parenttype varchar(140),
index parent(parent))
			ENGINE=InnoDB
			ROW_FORMAT=DYNAMIC
			CHARACTER SET=utf8mb4
			COLLATE=utf8mb4_unicode_ci
2026-04-13 12:27:53,555 WARNING database DDL Query made to DB:
create table `tabContact Email` (
			name varchar(140) primary key,
			creation datetime(6),
			modified datetime(6),
			modified_by varchar(140),
			owner varchar(140),
			docstatus tinyint not null default '0',
			idx int not null default '0',
			`email_id` varchar(140),
`is_primary` tinyint(4) NOT NULL DEFAULT 0,
parent varchar(140),
parentfield varchar(140),
parenttype varchar(140),
index parent(parent))
			ENGINE=InnoDB
			ROW_FORMAT=DYNAMIC
			CHARACTER SET=utf8mb4
			COLLATE=utf8mb4_unicode_ci
2026-04-13 12:27:53,647 WARNING database DDL Query made to DB:
create table `tabAddress` (
			name varchar(140) primary key,
			creation datetime(6),
			modified datetime(6),
			modified_by varchar(140),
			owner varchar(140),
			docstatus tinyint not null default '0',
			idx int not null default '0',
			`address_title` varchar(140),
`address_type` varchar(140),
`address_line1` varchar(240),
`address_line2` varchar(240),
`city` varchar(140),
`county` varchar(140),
`state` varchar(140),
`country` varchar(140),
`pincode` varchar(140),
`email_id` varchar(140),
`phone` varchar(140),
`fax` varchar(140),
`is_primary_address` tinyint(4) NOT NULL DEFAULT 0,
`is_shipping_address` tinyint(4) NOT NULL DEFAULT 0,
`disabled` tinyint(4) NOT NULL DEFAULT 0,
`_user_tags` text,
`_comments` text,
`_assign` text,
`_liked_by` text,
index `city`(`city`),
index `country`(`country`),
index `pincode`(`pincode`),
index creation(creation))
			ENGINE=InnoDB
			ROW_FORMAT=DYNAMIC
			CHARACTER SET=utf8mb4
			COLLATE=utf8mb4_unicode_ci
2026-04-13 12:27:53,826 WARNING database DDL Query made to DB:
create table `tabAuto Repeat` (
			name varchar(140) primary key,
			creation datetime(6),
			modified datetime(6),
			modified_by varchar(140),
			owner varchar(140),
			docstatus tinyint not null default '0',
			idx int not null default '0',
			`reference_doctype` varchar(140),
`reference_document` varchar(140),
`submit_on_creation` tinyint(4) NOT NULL DEFAULT 0,
`start_date` date,
`end_date` date,
`disabled` tinyint(4) NOT NULL DEFAULT 0,
`frequency` varchar(140),
`repeat_on_day` int(11) NOT NULL DEFAULT 0,
`repeat_on_last_day` tinyint(4) NOT NULL DEFAULT 0,
`next_schedule_date` date,
`generate_separate_documents_for_each_assignee` tinyint(4) NOT NULL DEFAULT 0,
`notify_by_email` tinyint(4) NOT NULL DEFAULT 0,
`recipients` text,
`template` varchar(140),
`subject` varchar(140),
`message` text DEFAULT 'Please find attached {{ doc.doctype }} #{{ doc.name }}',
`print_format` varchar(140),
`status` varchar(140),
`_user_tags` text,
`_comments` text,
`_assign` text,
`_liked_by` text,
index `next_schedule_date`(`next_schedule_date`),
index creation(creation))
			ENGINE=InnoDB
			ROW_FORMAT=DYNAMIC
			CHARACTER SET=utf8mb4
			COLLATE=utf8mb4_unicode_ci
2026-04-13 12:27:54,009 WARNING database DDL Query made to DB:
create table `tabMilestone Tracker` (
			name varchar(140) primary key,
			creation datetime(6),
			modified datetime(6),
			modified_by varchar(140),
			owner varchar(140),
			docstatus tinyint not null default '0',
			idx int not null default '0',
			`document_type` varchar(140) UNIQUE,
`track_field` varchar(140),
`disabled` tinyint(4) NOT NULL DEFAULT 0,
`_user_tags` text,
`_comments` text,
`_assign` text,
`_liked_by` text,
index creation(creation))
			ENGINE=InnoDB
			ROW_FORMAT=DYNAMIC
			CHARACTER SET=utf8mb4
			COLLATE=utf8mb4_unicode_ci
2026-04-13 12:27:54,106 WARNING database DDL Query made to DB:
create table `tabAssignment Rule` (
			name varchar(140) primary key,
			creation datetime(6),
			modified datetime(6),
			modified_by varchar(140),
			owner varchar(140),
			docstatus tinyint not null default '0',
			idx int not null default '0',
			`document_type` varchar(140),
`due_date_based_on` varchar(140),
`priority` int(11) NOT NULL DEFAULT 0,
`disabled` tinyint(4) NOT NULL DEFAULT 0,
`description` text DEFAULT 'Automatic Assignment',
`assign_condition` longtext,
`unassign_condition` longtext,
`close_condition` longtext,
`rule` varchar(140),
`field` varchar(140),
`last_user` varchar(140),
`_user_tags` text,
`_comments` text,
`_assign` text,
`_liked_by` text,
index creation(creation))
			ENGINE=InnoDB
			ROW_FORMAT=DYNAMIC
			CHARACTER SET=utf8mb4
			COLLATE=utf8mb4_unicode_ci
2026-04-13 12:27:54,165 WARNING database DDL Query made to DB:
create table `tabAssignment Rule User` (
			name varchar(140) primary key,
			creation datetime(6),
			modified datetime(6),
			modified_by varchar(140),
			owner varchar(140),
			docstatus tinyint not null default '0',
			idx int not null default '0',
			`user` varchar(140),
parent varchar(140),
parentfield varchar(140),
parenttype varchar(140),
index parent(parent))
			ENGINE=InnoDB
			ROW_FORMAT=DYNAMIC
			CHARACTER SET=utf8mb4
			COLLATE=utf8mb4_unicode_ci
2026-04-13 12:27:54,235 WARNING database DDL Query made to DB:
create table `tabAssignment Rule Day` (
			name varchar(140) primary key,
			creation datetime(6),
			modified datetime(6),
			modified_by varchar(140),
			owner varchar(140),
			docstatus tinyint not null default '0',
			idx int not null default '0',
			`day` varchar(140),
parent varchar(140),
parentfield varchar(140),
parenttype varchar(140),
index parent(parent))
			ENGINE=InnoDB
			ROW_FORMAT=DYNAMIC
			CHARACTER SET=utf8mb4
			COLLATE=utf8mb4_unicode_ci
2026-04-13 12:27:54,352 WARNING database DDL Query made to DB:
create table `tabReminder` (
			name varchar(140) primary key,
			creation datetime(6),
			modified datetime(6),
			modified_by varchar(140),
			owner varchar(140),
			docstatus tinyint not null default '0',
			idx int not null default '0',
			`user` varchar(140),
`remind_at` datetime(6),
`description` text,
`reminder_doctype` varchar(140),
`reminder_docname` varchar(140),
`notified` tinyint(4) NOT NULL DEFAULT 0,
`_user_tags` text,
`_comments` text,
`_assign` text,
`_liked_by` text,
index `user`(`user`),
index `remind_at`(`remind_at`),
index creation(creation))
			ENGINE=InnoDB
			ROW_FORMAT=DYNAMIC
			CHARACTER SET=utf8mb4
			COLLATE=utf8mb4_unicode_ci
2026-04-13 12:27:54,425 WARNING database DDL Query made to DB:
create table `tabAuto Repeat Day` (
			name varchar(140) primary key,
			creation datetime(6),
			modified datetime(6),
			modified_by varchar(140),
			owner varchar(140),
			docstatus tinyint not null default '0',
			idx int not null default '0',
			`day` varchar(140),
parent varchar(140),
parentfield varchar(140),
parenttype varchar(140),
index parent(parent))
			ENGINE=InnoDB
			ROW_FORMAT=DYNAMIC
			CHARACTER SET=utf8mb4
			COLLATE=utf8mb4_unicode_ci
2026-04-13 12:27:54,508 WARNING database DDL Query made to DB:
create table `tabMilestone` (
			name varchar(140) primary key,
			creation datetime(6),
			modified datetime(6),
			modified_by varchar(140),
			owner varchar(140),
			docstatus tinyint not null default '0',
			idx int not null default '0',
			`reference_type` varchar(140),
`reference_name` varchar(140),
`track_field` varchar(140),
`value` varchar(140),
`milestone_tracker` varchar(140),
`_user_tags` text,
`_comments` text,
`_assign` text,
`_liked_by` text,
index `reference_type`(`reference_type`),
index creation(creation))
			ENGINE=InnoDB
			ROW_FORMAT=DYNAMIC
			CHARACTER SET=utf8mb4
			COLLATE=utf8mb4_unicode_ci
2026-04-13 12:27:54,542 WARNING database DDL Query made to DB:
ALTER TABLE `tabMilestone`
				ADD INDEX IF NOT EXISTS `reference_type_reference_name_index`(reference_type, reference_name)
2026-04-13 12:27:54,585 WARNING database DDL Query made to DB:
create table `tabAuto Repeat User` (
			name varchar(140) primary key,
			creation datetime(6),
			modified datetime(6),
			modified_by varchar(140),
			owner varchar(140),
			docstatus tinyint not null default '0',
			idx int not null default '0',
			`user` varchar(140),
parent varchar(140),
parentfield varchar(140),
parenttype varchar(140),
index parent(parent))
			ENGINE=InnoDB
			ROW_FORMAT=DYNAMIC
			CHARACTER SET=utf8mb4
			COLLATE=utf8mb4_unicode_ci
2026-04-13 12:28:10,437 WARNING database DDL Query made to DB:
create table `tabCRM Communication Status` (
			name varchar(140) primary key,
			creation datetime(6),
			modified datetime(6),
			modified_by varchar(140),
			owner varchar(140),
			docstatus tinyint not null default '0',
			idx int not null default '0',
			`status` varchar(140) UNIQUE,
`_user_tags` text,
`_comments` text,
`_assign` text,
`_liked_by` text,
index creation(creation),
index modified(modified))
			ENGINE=InnoDB
			ROW_FORMAT=DYNAMIC
			CHARACTER SET=utf8mb4
			COLLATE=utf8mb4_unicode_ci
2026-04-13 12:28:10,542 WARNING database DDL Query made to DB:
create table `tabCRM Form Script` (
			name varchar(140) primary key,
			creation datetime(6),
			modified datetime(6),
			modified_by varchar(140),
			owner varchar(140),
			docstatus tinyint not null default '0',
			idx int not null default '0',
			`dt` varchar(140),
`view` varchar(140) DEFAULT 'Form',
`enabled` tinyint(4) NOT NULL DEFAULT 0,
`is_standard` tinyint(4) NOT NULL DEFAULT 0,
`script` longtext DEFAULT 'function setupForm({ doc }) {\n    return {\n        actions: [],\n    }\n}',
`_user_tags` text,
`_comments` text,
`_assign` text,
`_liked_by` text,
index creation(creation),
index modified(modified))
			ENGINE=InnoDB
			ROW_FORMAT=DYNAMIC
			CHARACTER SET=utf8mb4
			COLLATE=utf8mb4_unicode_ci
2026-04-13 12:28:10,713 WARNING database DDL Query made to DB:
create table `tabCRM Territory` (
			name varchar(140) primary key,
			creation datetime(6),
			modified datetime(6),
			modified_by varchar(140),
			owner varchar(140),
			docstatus tinyint not null default '0',
			idx int not null default '0',
			`territory_name` varchar(140) UNIQUE,
`territory_manager` varchar(140),
`old_parent` varchar(140),
`parent_crm_territory` varchar(140),
`lft` int(11) NOT NULL DEFAULT 0,
`rgt` int(11) NOT NULL DEFAULT 0,
`is_group` tinyint(4) NOT NULL DEFAULT 0,
`_user_tags` text,
`_comments` text,
`_assign` text,
`_liked_by` text,
index creation(creation),
index modified(modified))
			ENGINE=InnoDB
			ROW_FORMAT=DYNAMIC
			CHARACTER SET=utf8mb4
			COLLATE=utf8mb4_unicode_ci
2026-04-13 12:28:10,786 WARNING database DDL Query made to DB:
create sequence if not exists crm_task_id_seq nocache nocycle
2026-04-13 12:28:10,801 WARNING database DDL Query made to DB:
create table `tabCRM Task` (
			name bigint primary key,
			creation datetime(6),
			modified datetime(6),
			modified_by varchar(140),
			owner varchar(140),
			docstatus tinyint not null default '0',
			idx int not null default '0',
			`title` varchar(140),
`priority` varchar(140),
`start_date` date,
`reference_doctype` varchar(140) DEFAULT 'CRM Lead',
`reference_docname` varchar(140),
`assigned_to` varchar(140),
`status` varchar(140),
`due_date` datetime(6),
`description` longtext,
`_user_tags` text,
`_comments` text,
`_assign` text,
`_liked_by` text,
index creation(creation),
index modified(modified))
			ENGINE=InnoDB
			ROW_FORMAT=DYNAMIC
			CHARACTER SET=utf8mb4
			COLLATE=utf8mb4_unicode_ci
2026-04-13 12:28:10,887 WARNING database DDL Query made to DB:
create sequence if not exists crm_view_settings_id_seq nocache nocycle
2026-04-13 12:28:10,904 WARNING database DDL Query made to DB:
create table `tabCRM View Settings` (
			name bigint primary key,
			creation datetime(6),
			modified datetime(6),
			modified_by varchar(140),
			owner varchar(140),
			docstatus tinyint not null default '0',
			idx int not null default '0',
			`label` varchar(140),
`icon` varchar(140),
`user` varchar(140),
`is_standard` tinyint(4) NOT NULL DEFAULT 0,
`is_default` tinyint(4) NOT NULL DEFAULT 0,
`type` varchar(140) DEFAULT 'list',
`dt` varchar(140),
`route_name` varchar(140),
`pinned` tinyint(4) NOT NULL DEFAULT 0,
`public` tinyint(4) NOT NULL DEFAULT 0,
`filters` longtext,
`order_by` longtext,
`load_default_columns` tinyint(4) NOT NULL DEFAULT 0,
`columns` longtext,
`rows` longtext,
`group_by_field` varchar(140),
`column_field` varchar(140),
`title_field` varchar(140),
`kanban_columns` longtext,
`kanban_fields` longtext,
`_user_tags` text,
`_comments` text,
`_assign` text,
`_liked_by` text,
index creation(creation),
index modified(modified))
			ENGINE=InnoDB
			ROW_FORMAT=DYNAMIC
			CHARACTER SET=utf8mb4
			COLLATE=utf8mb4_unicode_ci
2026-04-13 12:28:11,087 WARNING database DDL Query made to DB:
create table `tabCRM Lead` (
			name varchar(140) primary key,
			creation datetime(6),
			modified datetime(6),
			modified_by varchar(140),
			owner varchar(140),
			docstatus tinyint not null default '0',
			idx int not null default '0',
			`organization` varchar(140),
`website` varchar(140),
`territory` varchar(140),
`industry` varchar(140),
`job_title` varchar(140),
`source` varchar(140),
`lead_owner` varchar(140),
`salutation` varchar(140),
`first_name` varchar(140),
`last_name` varchar(140),
`email` varchar(140),
`mobile_no` varchar(140),
`naming_series` varchar(140) DEFAULT 'CRM-LEAD-.YYYY.-',
`lead_name` varchar(140),
`middle_name` varchar(140),
`gender` varchar(140),
`phone` varchar(140),
`status` varchar(140) DEFAULT 'New',
`no_of_employees` varchar(140),
`annual_revenue` decimal(21,9) NOT NULL DEFAULT 0.0,
`image` text,
`converted` tinyint(4) NOT NULL DEFAULT 0,
`total` decimal(21,9) NOT NULL DEFAULT 0.0,
`net_total` decimal(21,9) NOT NULL DEFAULT 0.0,
`sla` varchar(140),
`sla_creation` datetime(6),
`sla_status` varchar(140),
`communication_status` varchar(140) DEFAULT 'Open',
`response_by` datetime(6),
`first_response_time` decimal(21,9),
`first_responded_on` datetime(6),
`last_response_time` decimal(21,9),
`last_responded_on` datetime(6),
`facebook_lead_id` varchar(140) UNIQUE,
`facebook_form_id` varchar(140),
`_user_tags` text,
`_comments` text,
`_assign` text,
`_liked_by` text,
index `email`(`email`),
index `lead_name`(`lead_name`),
index `status`(`status`),
index creation(creation),
index modified(modified))
			ENGINE=InnoDB
			ROW_FORMAT=DYNAMIC
			CHARACTER SET=utf8mb4
			COLLATE=utf8mb4_unicode_ci
2026-04-13 12:28:11,173 WARNING database DDL Query made to DB:
create table `tabCRM Invitation` (
			name varchar(140) primary key,
			creation datetime(6),
			modified datetime(6),
			modified_by varchar(140),
			owner varchar(140),
			docstatus tinyint not null default '0',
			idx int not null default '0',
			`email` varchar(140),
`role` varchar(140),
`key` varchar(140),
`invited_by` varchar(140),
`status` varchar(140),
`email_sent_at` datetime(6),
`accepted_at` datetime(6),
`_user_tags` text,
`_comments` text,
`_assign` text,
`_liked_by` text,
index creation(creation))
			ENGINE=InnoDB
			ROW_FORMAT=DYNAMIC
			CHARACTER SET=utf8mb4
			COLLATE=utf8mb4_unicode_ci
2026-04-13 12:28:11,269 WARNING database DDL Query made to DB:
create table `tabCRM Call Log` (
			name varchar(140) primary key,
			creation datetime(6),
			modified datetime(6),
			modified_by varchar(140),
			owner varchar(140),
			docstatus tinyint not null default '0',
			idx int not null default '0',
			`telephony_medium` varchar(140),
`id` varchar(140) UNIQUE,
`from` varchar(140),
`status` varchar(140),
`duration` decimal(21,9),
`medium` varchar(140),
`start_time` datetime(6),
`reference_doctype` varchar(140) DEFAULT 'CRM Lead',
`reference_docname` varchar(140),
`to` varchar(140),
`type` varchar(140),
`receiver` varchar(140),
`caller` varchar(140),
`recording_url` varchar(140),
`end_time` datetime(6),
`note` varchar(140),
`_user_tags` text,
`_comments` text,
`_assign` text,
`_liked_by` text,
index creation(creation),
index modified(modified))
			ENGINE=InnoDB
			ROW_FORMAT=DYNAMIC
			CHARACTER SET=utf8mb4
			COLLATE=utf8mb4_unicode_ci
2026-04-13 12:28:11,399 WARNING database DDL Query made to DB:
create table `tabCRM Lead Status` (
			name varchar(140) primary key,
			creation datetime(6),
			modified datetime(6),
			modified_by varchar(140),
			owner varchar(140),
			docstatus tinyint not null default '0',
			idx int not null default '0',
			`lead_status` varchar(140) UNIQUE,
`color` varchar(140) DEFAULT 'gray',
`position` int(11) NOT NULL DEFAULT 1,
`_user_tags` text,
`_comments` text,
`_assign` text,
`_liked_by` text,
index creation(creation),
index modified(modified))
			ENGINE=InnoDB
			ROW_FORMAT=DYNAMIC
			CHARACTER SET=utf8mb4
			COLLATE=utf8mb4_unicode_ci
2026-04-13 12:28:11,472 WARNING database DDL Query made to DB:
create table `tabCRM Industry` (
			name varchar(140) primary key,
			creation datetime(6),
			modified datetime(6),
			modified_by varchar(140),
			owner varchar(140),
			docstatus tinyint not null default '0',
			idx int not null default '0',
			`industry` varchar(140) UNIQUE,
`_user_tags` text,
`_comments` text,
`_assign` text,
`_liked_by` text,
index creation(creation),
index modified(modified))
			ENGINE=InnoDB
			ROW_FORMAT=DYNAMIC
			CHARACTER SET=utf8mb4
			COLLATE=utf8mb4_unicode_ci
2026-04-13 12:28:11,612 WARNING database DDL Query made to DB:
create table `tabCRM Holiday List` (
			name varchar(140) primary key,
			creation datetime(6),
			modified datetime(6),
			modified_by varchar(140),
			owner varchar(140),
			docstatus tinyint not null default '0',
			idx int not null default '0',
			`holiday_list_name` varchar(140) UNIQUE,
`from_date` date,
`to_date` date,
`total_holidays` int(11) NOT NULL DEFAULT 0,
`weekly_off` varchar(140),
`_user_tags` text,
`_comments` text,
`_assign` text,
`_liked_by` text,
index creation(creation),
index modified(modified))
			ENGINE=InnoDB
			ROW_FORMAT=DYNAMIC
			CHARACTER SET=utf8mb4
			COLLATE=utf8mb4_unicode_ci
2026-04-13 12:28:11,688 WARNING database DDL Query made to DB:
create table `tabCRM Product` (
			name varchar(140) primary key,
			creation datetime(6),
			modified datetime(6),
			modified_by varchar(140),
			owner varchar(140),
			docstatus tinyint not null default '0',
			idx int not null default '0',
			`naming_series` varchar(140),
`product_code` varchar(140) UNIQUE,
`product_name` varchar(140),
`disabled` tinyint(4) NOT NULL DEFAULT 0,
`standard_rate` decimal(21,9) NOT NULL DEFAULT 0.0,
`image` text,
`description` longtext,
`_user_tags` text,
`_comments` text,
`_assign` text,
`_liked_by` text,
index creation(creation))
			ENGINE=InnoDB
			ROW_FORMAT=DYNAMIC
			CHARACTER SET=utf8mb4
			COLLATE=utf8mb4_unicode_ci
2026-04-13 12:28:11,820 WARNING database DDL Query made to DB:
create table `tabCRM Service Day` (
			name varchar(140) primary key,
			creation datetime(6),
			modified datetime(6),
			modified_by varchar(140),
			owner varchar(140),
			docstatus tinyint not null default '0',
			idx int not null default '0',
			`workday` varchar(140),
`start_time` time(6),
`end_time` time(6),
parent varchar(140),
parentfield varchar(140),
parenttype varchar(140),
index parent(parent))
			ENGINE=InnoDB
			ROW_FORMAT=DYNAMIC
			CHARACTER SET=utf8mb4
			COLLATE=utf8mb4_unicode_ci
2026-04-13 12:28:11,917 WARNING database DDL Query made to DB:
create table `tabCRM Notification` (
			name varchar(140) primary key,
			creation datetime(6),
			modified datetime(6),
			modified_by varchar(140),
			owner varchar(140),
			docstatus tinyint not null default '0',
			idx int not null default '0',
			`notification_text` text,
`from_user` varchar(140),
`type` varchar(140),
`to_user` varchar(140),
`read` tinyint(4) NOT NULL DEFAULT 0,
`reference_doctype` varchar(140),
`reference_name` varchar(140),
`notification_type_doctype` varchar(140),
`notification_type_doc` varchar(140),
`comment` varchar(140),
`message` longtext,
`_user_tags` text,
`_comments` text,
`_assign` text,
`_liked_by` text,
index creation(creation),
index modified(modified))
			ENGINE=InnoDB
			ROW_FORMAT=DYNAMIC
			CHARACTER SET=utf8mb4
			COLLATE=utf8mb4_unicode_ci
2026-04-13 12:28:12,006 WARNING database DDL Query made to DB:
create table `tabCRM Contacts` (
			name varchar(140) primary key,
			creation datetime(6),
			modified datetime(6),
			modified_by varchar(140),
			owner varchar(140),
			docstatus tinyint not null default '0',
			idx int not null default '0',
			`contact` varchar(140),
`full_name` varchar(140),
`email` varchar(140),
`gender` varchar(140),
`mobile_no` varchar(140),
`phone` varchar(140),
`is_primary` tinyint(4) NOT NULL DEFAULT 0,
parent varchar(140),
parentfield varchar(140),
parenttype varchar(140),
index parent(parent))
			ENGINE=InnoDB
			ROW_FORMAT=DYNAMIC
			CHARACTER SET=utf8mb4
			COLLATE=utf8mb4_unicode_ci
2026-04-13 12:28:12,145 WARNING database DDL Query made to DB:
create table `tabCRM Products` (
			name varchar(140) primary key,
			creation datetime(6),
			modified datetime(6),
			modified_by varchar(140),
			owner varchar(140),
			docstatus tinyint not null default '0',
			idx int not null default '0',
			`product_code` varchar(140),
`product_name` varchar(140),
`qty` decimal(21,9) NOT NULL DEFAULT 1.0,
`rate` decimal(21,9) NOT NULL DEFAULT 0.0,
`discount_percentage` decimal(21,9) NOT NULL DEFAULT 0.0,
`discount_amount` decimal(21,9) NOT NULL DEFAULT 0.0,
`amount` decimal(21,9) NOT NULL DEFAULT 0.0,
`net_amount` decimal(21,9) NOT NULL DEFAULT 0.0,
`autocomplete` varchar(140),
parent varchar(140),
parentfield varchar(140),
parenttype varchar(140),
index parent(parent))
			ENGINE=InnoDB
			ROW_FORMAT=DYNAMIC
			CHARACTER SET=utf8mb4
			COLLATE=utf8mb4_unicode_ci
2026-04-13 12:28:12,324 WARNING database DDL Query made to DB:
create table `tabCRM Deal` (
			name varchar(140) primary key,
			creation datetime(6),
			modified datetime(6),
			modified_by varchar(140),
			owner varchar(140),
			docstatus tinyint not null default '0',
			idx int not null default '0',
			`naming_series` varchar(140) DEFAULT 'CRM-DEAL-.YYYY.-',
`organization` varchar(140),
`next_step` varchar(140),
`status` varchar(140) DEFAULT 'Qualification',
`deal_owner` varchar(140),
`lost_reason` varchar(140),
`lost_notes` text,
`probability` decimal(21,9) NOT NULL DEFAULT 0.0,
`expected_deal_value` decimal(21,9) NOT NULL DEFAULT 0.0,
`deal_value` decimal(21,9) NOT NULL DEFAULT 0.0,
`expected_closure_date` date,
`closed_date` date,
`contact` varchar(140),
`lead` varchar(140),
`source` varchar(140),
`lead_name` varchar(140),
`organization_name` varchar(140),
`website` varchar(140),
`no_of_employees` varchar(140),
`job_title` varchar(140),
`territory` varchar(140),
`currency` varchar(140),
`exchange_rate` decimal(21,9) NOT NULL DEFAULT 1.0,
`annual_revenue` decimal(21,9) NOT NULL DEFAULT 0.0,
`industry` varchar(140),
`salutation` varchar(140),
`first_name` varchar(140),
`last_name` varchar(140),
`email` varchar(140),
`mobile_no` varchar(140),
`phone` varchar(140),
`gender` varchar(140),
`total` decimal(21,9) NOT NULL DEFAULT 0.0,
`net_total` decimal(21,9) NOT NULL DEFAULT 0.0,
`sla` varchar(140),
`sla_creation` datetime(6),
`sla_status` varchar(140),
`communication_status` varchar(140) DEFAULT 'Open',
`response_by` datetime(6),
`first_response_time` decimal(21,9),
`first_responded_on` datetime(6),
`last_response_time` decimal(21,9),
`last_responded_on` datetime(6),
`_user_tags` text,
`_comments` text,
`_assign` text,
`_liked_by` text,
index `status`(`status`),
index creation(creation),
index modified(modified))
			ENGINE=InnoDB
			ROW_FORMAT=DYNAMIC
			CHARACTER SET=utf8mb4
			COLLATE=utf8mb4_unicode_ci
2026-04-13 12:28:12,408 WARNING database DDL Query made to DB:
create table `tabCRM Global Settings` (
			name varchar(140) primary key,
			creation datetime(6),
			modified datetime(6),
			modified_by varchar(140),
			owner varchar(140),
			docstatus tinyint not null default '0',
			idx int not null default '0',
			`dt` varchar(140) DEFAULT 'DocType',
`type` varchar(140),
`json` json,
`_user_tags` text,
`_comments` text,
`_assign` text,
`_liked_by` text,
index creation(creation))
			ENGINE=InnoDB
			ROW_FORMAT=DYNAMIC
			CHARACTER SET=utf8mb4
			COLLATE=utf8mb4_unicode_ci
2026-04-13 12:28:12,509 WARNING database DDL Query made to DB:
create table `tabCRM Service Level Agreement` (
			name varchar(140) primary key,
			creation datetime(6),
			modified datetime(6),
			modified_by varchar(140),
			owner varchar(140),
			docstatus tinyint not null default '0',
			idx int not null default '0',
			`apply_on` varchar(140),
`sla_name` varchar(140) UNIQUE,
`enabled` tinyint(4) NOT NULL DEFAULT 0,
`default` tinyint(4) NOT NULL DEFAULT 0,
`rolling_responses` tinyint(4) NOT NULL DEFAULT 0,
`start_date` date,
`end_date` date,
`condition` longtext,
`holiday_list` varchar(140),
`_user_tags` text,
`_comments` text,
`_assign` text,
`_liked_by` text,
index creation(creation),
index modified(modified))
			ENGINE=InnoDB
			ROW_FORMAT=DYNAMIC
			CHARACTER SET=utf8mb4
			COLLATE=utf8mb4_unicode_ci
2026-04-13 12:28:12,579 WARNING database DDL Query made to DB:
create table `tabCRM Dropdown Item` (
			name varchar(140) primary key,
			creation datetime(6),
			modified datetime(6),
			modified_by varchar(140),
			owner varchar(140),
			docstatus tinyint not null default '0',
			idx int not null default '0',
			`name1` varchar(140) UNIQUE,
`label` varchar(140),
`type` varchar(140),
`route` varchar(140),
`open_in_new_window` tinyint(4) NOT NULL DEFAULT 1,
`hidden` tinyint(4) NOT NULL DEFAULT 0,
`is_standard` tinyint(4) NOT NULL DEFAULT 0,
`icon` longtext,
parent varchar(140),
parentfield varchar(140),
parenttype varchar(140),
index parent(parent))
			ENGINE=InnoDB
			ROW_FORMAT=DYNAMIC
			CHARACTER SET=utf8mb4
			COLLATE=utf8mb4_unicode_ci
2026-04-13 12:28:12,642 WARNING database DDL Query made to DB:
create table `tabCRM Fields Layout` (
			name varchar(140) primary key,
			creation datetime(6),
			modified datetime(6),
			modified_by varchar(140),
			owner varchar(140),
			docstatus tinyint not null default '0',
			idx int not null default '0',
			`dt` varchar(140),
`type` varchar(140),
`layout` longtext,
`_user_tags` text,
`_comments` text,
`_assign` text,
`_liked_by` text,
index creation(creation))
			ENGINE=InnoDB
			ROW_FORMAT=DYNAMIC
			CHARACTER SET=utf8mb4
			COLLATE=utf8mb4_unicode_ci
2026-04-13 12:28:12,731 WARNING database DDL Query made to DB:
create table `tabCRM Organization` (
			name varchar(140) primary key,
			creation datetime(6),
			modified datetime(6),
			modified_by varchar(140),
			owner varchar(140),
			docstatus tinyint not null default '0',
			idx int not null default '0',
			`organization_name` varchar(140) UNIQUE,
`no_of_employees` varchar(140),
`currency` varchar(140),
`exchange_rate` decimal(21,9) NOT NULL DEFAULT 0.0,
`annual_revenue` decimal(21,9) NOT NULL DEFAULT 0.0,
`organization_logo` text,
`website` varchar(140),
`territory` varchar(140),
`industry` varchar(140),
`address` varchar(140),
`_user_tags` text,
`_comments` text,
`_assign` text,
`_liked_by` text,
index creation(creation),
index modified(modified))
			ENGINE=InnoDB
			ROW_FORMAT=DYNAMIC
			CHARACTER SET=utf8mb4
			COLLATE=utf8mb4_unicode_ci
2026-04-13 12:28:12,807 WARNING database DDL Query made to DB:
create table `tabCRM Telephony Agent` (
			name varchar(140) primary key,
			creation datetime(6),
			modified datetime(6),
			modified_by varchar(140),
			owner varchar(140),
			docstatus tinyint not null default '0',
			idx int not null default '0',
			`user` varchar(140) UNIQUE,
`user_name` varchar(140),
`mobile_no` varchar(140),
`default_medium` varchar(140),
`twilio` tinyint(4) NOT NULL DEFAULT 0,
`twilio_number` varchar(140),
`call_receiving_device` varchar(140) DEFAULT 'Computer',
`exotel` tinyint(4) NOT NULL DEFAULT 0,
`exotel_number` varchar(140),
`_user_tags` text,
`_comments` text,
`_assign` text,
`_liked_by` text,
index creation(creation))
			ENGINE=InnoDB
			ROW_FORMAT=DYNAMIC
			CHARACTER SET=utf8mb4
			COLLATE=utf8mb4_unicode_ci
2026-04-13 12:28:12,870 WARNING database DDL Query made to DB:
create table `tabCRM Lost Reason` (
			name varchar(140) primary key,
			creation datetime(6),
			modified datetime(6),
			modified_by varchar(140),
			owner varchar(140),
			docstatus tinyint not null default '0',
			idx int not null default '0',
			`lost_reason` varchar(140) UNIQUE,
`description` longtext,
`_user_tags` text,
`_comments` text,
`_assign` text,
`_liked_by` text,
index creation(creation))
			ENGINE=InnoDB
			ROW_FORMAT=DYNAMIC
			CHARACTER SET=utf8mb4
			COLLATE=utf8mb4_unicode_ci
2026-04-13 12:28:12,949 WARNING database DDL Query made to DB:
create table `tabCRM Status Change Log` (
			name varchar(140) primary key,
			creation datetime(6),
			modified datetime(6),
			modified_by varchar(140),
			owner varchar(140),
			docstatus tinyint not null default '0',
			idx int not null default '0',
			`from` varchar(140),
`to` varchar(140),
`from_date` datetime(6),
`to_date` datetime(6),
`duration` decimal(21,9),
`last_status_change_log` varchar(140),
`from_type` varchar(140),
`to_type` varchar(140),
`log_owner` varchar(140),
parent varchar(140),
parentfield varchar(140),
parenttype varchar(140),
index parent(parent))
			ENGINE=InnoDB
			ROW_FORMAT=DYNAMIC
			CHARACTER SET=utf8mb4
			COLLATE=utf8mb4_unicode_ci
2026-04-13 12:28:13,012 WARNING database DDL Query made to DB:
create table `tabCRM Service Level Priority` (
			name varchar(140) primary key,
			creation datetime(6),
			modified datetime(6),
			modified_by varchar(140),
			owner varchar(140),
			docstatus tinyint not null default '0',
			idx int not null default '0',
			`default_priority` tinyint(4) NOT NULL DEFAULT 0,
`priority` varchar(140),
`first_response_time` decimal(21,9),
parent varchar(140),
parentfield varchar(140),
parenttype varchar(140),
index parent(parent))
			ENGINE=InnoDB
			ROW_FORMAT=DYNAMIC
			CHARACTER SET=utf8mb4
			COLLATE=utf8mb4_unicode_ci
2026-04-13 12:28:13,080 WARNING database DDL Query made to DB:
create table `tabCRM AI Conversation` (
			name varchar(140) primary key,
			creation datetime(6),
			modified datetime(6),
			modified_by varchar(140),
			owner varchar(140),
			docstatus tinyint not null default '0',
			idx int not null default '0',
			`user` varchar(140),
`conversation_type` varchar(140) DEFAULT 'chat',
`reference_doctype` varchar(140),
`reference_name` varchar(140),
`user_message` longtext,
`ai_response` longtext,
`_user_tags` text,
`_comments` text,
`_assign` text,
`_liked_by` text,
index creation(creation),
index modified(modified))
			ENGINE=InnoDB
			ROW_FORMAT=DYNAMIC
			CHARACTER SET=utf8mb4
			COLLATE=utf8mb4_unicode_ci
2026-04-13 12:28:13,150 WARNING database DDL Query made to DB:
create table `tabCRM Dashboard` (
			name varchar(140) primary key,
			creation datetime(6),
			modified datetime(6),
			modified_by varchar(140),
			owner varchar(140),
			docstatus tinyint not null default '0',
			idx int not null default '0',
			`title` varchar(140) UNIQUE,
`private` tinyint(4) NOT NULL DEFAULT 0,
`user` varchar(140),
`layout` longtext DEFAULT '[]',
`_user_tags` text,
`_comments` text,
`_assign` text,
`_liked_by` text,
index creation(creation))
			ENGINE=InnoDB
			ROW_FORMAT=DYNAMIC
			CHARACTER SET=utf8mb4
			COLLATE=utf8mb4_unicode_ci
2026-04-13 12:28:13,294 WARNING database DDL Query made to DB:
create table `tabCRM Deal Status` (
			name varchar(140) primary key,
			creation datetime(6),
			modified datetime(6),
			modified_by varchar(140),
			owner varchar(140),
			docstatus tinyint not null default '0',
			idx int not null default '0',
			`deal_status` varchar(140) UNIQUE,
`type` varchar(140) DEFAULT 'Open',
`position` int(11) NOT NULL DEFAULT 0,
`probability` decimal(21,9) NOT NULL DEFAULT 0.0,
`color` varchar(140) DEFAULT 'gray',
`_user_tags` text,
`_comments` text,
`_assign` text,
`_liked_by` text,
index creation(creation),
index modified(modified))
			ENGINE=InnoDB
			ROW_FORMAT=DYNAMIC
			CHARACTER SET=utf8mb4
			COLLATE=utf8mb4_unicode_ci
2026-04-13 12:28:13,380 WARNING database DDL Query made to DB:
create table `tabFCRM Note` (
			name varchar(140) primary key,
			creation datetime(6),
			modified datetime(6),
			modified_by varchar(140),
			owner varchar(140),
			docstatus tinyint not null default '0',
			idx int not null default '0',
			`title` varchar(140),
`content` longtext,
`reference_doctype` varchar(140) DEFAULT 'CRM Lead',
`reference_docname` varchar(140),
`_user_tags` text,
`_comments` text,
`_assign` text,
`_liked_by` text,
index creation(creation),
index modified(modified))
			ENGINE=InnoDB
			ROW_FORMAT=DYNAMIC
			CHARACTER SET=utf8mb4
			COLLATE=utf8mb4_unicode_ci
2026-04-13 12:28:13,474 WARNING database DDL Query made to DB:
create table `tabCRM AI Suggestion` (
			name varchar(140) primary key,
			creation datetime(6),
			modified datetime(6),
			modified_by varchar(140),
			owner varchar(140),
			docstatus tinyint not null default '0',
			idx int not null default '0',
			`suggestion_type` varchar(140),
`status` varchar(140) DEFAULT 'Pending',
`reference_doctype` varchar(140),
`reference_name` varchar(140),
`suggestion` longtext,
`metadata` longtext,
`rejection_reason` text,
`_user_tags` text,
`_comments` text,
`_assign` text,
`_liked_by` text,
index creation(creation),
index modified(modified))
			ENGINE=InnoDB
			ROW_FORMAT=DYNAMIC
			CHARACTER SET=utf8mb4
			COLLATE=utf8mb4_unicode_ci
2026-04-13 12:28:13,546 WARNING database DDL Query made to DB:
create table `tabCRM Lead Source` (
			name varchar(140) primary key,
			creation datetime(6),
			modified datetime(6),
			modified_by varchar(140),
			owner varchar(140),
			docstatus tinyint not null default '0',
			idx int not null default '0',
			`source_name` varchar(140) UNIQUE,
`details` longtext,
`_user_tags` text,
`_comments` text,
`_assign` text,
`_liked_by` text,
index creation(creation),
index modified(modified))
			ENGINE=InnoDB
			ROW_FORMAT=DYNAMIC
			CHARACTER SET=utf8mb4
			COLLATE=utf8mb4_unicode_ci
2026-04-13 12:28:13,615 WARNING database DDL Query made to DB:
create table `tabCRM Telephony Phone` (
			name varchar(140) primary key,
			creation datetime(6),
			modified datetime(6),
			modified_by varchar(140),
			owner varchar(140),
			docstatus tinyint not null default '0',
			idx int not null default '0',
			`number` varchar(140),
`is_primary` tinyint(4) NOT NULL DEFAULT 0,
parent varchar(140),
parentfield varchar(140),
parenttype varchar(140),
index parent(parent))
			ENGINE=InnoDB
			ROW_FORMAT=DYNAMIC
			CHARACTER SET=utf8mb4
			COLLATE=utf8mb4_unicode_ci
2026-04-13 12:28:13,680 WARNING database DDL Query made to DB:
create table `tabCRM Holiday` (
			name varchar(140) primary key,
			creation datetime(6),
			modified datetime(6),
			modified_by varchar(140),
			owner varchar(140),
			docstatus tinyint not null default '0',
			idx int not null default '0',
			`date` date,
`weekly_off` tinyint(4) NOT NULL DEFAULT 0,
`description` longtext,
parent varchar(140),
parentfield varchar(140),
parenttype varchar(140),
index parent(parent))
			ENGINE=InnoDB
			ROW_FORMAT=DYNAMIC
			CHARACTER SET=utf8mb4
			COLLATE=utf8mb4_unicode_ci
2026-04-13 12:28:13,737 WARNING database DDL Query made to DB:
create table `tabCRM Rolling Response Time` (
			name varchar(140) primary key,
			creation datetime(6),
			modified datetime(6),
			modified_by varchar(140),
			owner varchar(140),
			docstatus tinyint not null default '0',
			idx int not null default '0',
			`response_time` decimal(21,9),
`responded_on` datetime(6),
`status` varchar(140),
parent varchar(140),
parentfield varchar(140),
parenttype varchar(140),
index parent(parent))
			ENGINE=InnoDB
			ROW_FORMAT=DYNAMIC
			CHARACTER SET=utf8mb4
			COLLATE=utf8mb4_unicode_ci
2026-04-13 12:28:13,871 WARNING database DDL Query made to DB:
create table `tabLead Sync Source` (
			name varchar(140) primary key,
			creation datetime(6),
			modified datetime(6),
			modified_by varchar(140),
			owner varchar(140),
			docstatus tinyint not null default '0',
			idx int not null default '0',
			`type` varchar(140) DEFAULT 'Facebook',
`access_token` text,
`last_synced_at` datetime(6),
`enabled` tinyint(4) NOT NULL DEFAULT 1,
`background_sync_frequency` varchar(140) DEFAULT 'Hourly',
`facebook_page` varchar(140),
`facebook_lead_form` varchar(140) UNIQUE,
`_user_tags` text,
`_comments` text,
`_assign` text,
`_liked_by` text,
index creation(creation))
			ENGINE=InnoDB
			ROW_FORMAT=DYNAMIC
			CHARACTER SET=utf8mb4
			COLLATE=utf8mb4_unicode_ci
2026-04-13 12:28:13,940 WARNING database DDL Query made to DB:
create table `tabFacebook Lead Form` (
			name varchar(140) primary key,
			creation datetime(6),
			modified datetime(6),
			modified_by varchar(140),
			owner varchar(140),
			docstatus tinyint not null default '0',
			idx int not null default '0',
			`page` varchar(140),
`id` varchar(140) UNIQUE,
`form_name` varchar(140),
`_user_tags` text,
`_comments` text,
`_assign` text,
`_liked_by` text,
index creation(creation))
			ENGINE=InnoDB
			ROW_FORMAT=DYNAMIC
			CHARACTER SET=utf8mb4
			COLLATE=utf8mb4_unicode_ci
2026-04-13 12:28:14,021 WARNING database DDL Query made to DB:
create table `tabFailed Lead Sync Log` (
			name varchar(140) primary key,
			creation datetime(6),
			modified datetime(6),
			modified_by varchar(140),
			owner varchar(140),
			docstatus tinyint not null default '0',
			idx int not null default '0',
			`type` varchar(140) DEFAULT 'Failure',
`source` varchar(140),
`lead_data` longtext,
`traceback` longtext,
`_user_tags` text,
`_comments` text,
`_assign` text,
`_liked_by` text,
index creation(creation))
			ENGINE=InnoDB
			ROW_FORMAT=DYNAMIC
			CHARACTER SET=utf8mb4
			COLLATE=utf8mb4_unicode_ci
2026-04-13 12:28:14,092 WARNING database DDL Query made to DB:
create table `tabFacebook Page` (
			name varchar(140) primary key,
			creation datetime(6),
			modified datetime(6),
			modified_by varchar(140),
			owner varchar(140),
			docstatus tinyint not null default '0',
			idx int not null default '0',
			`page_name` varchar(140),
`account_id` varchar(140),
`category` varchar(140),
`id` varchar(140) UNIQUE,
`access_token` text,
`_user_tags` text,
`_comments` text,
`_assign` text,
`_liked_by` text,
index creation(creation))
			ENGINE=InnoDB
			ROW_FORMAT=DYNAMIC
			CHARACTER SET=utf8mb4
			COLLATE=utf8mb4_unicode_ci
2026-04-13 12:28:14,160 WARNING database DDL Query made to DB:
create table `tabFacebook Lead Form Question` (
			name varchar(140) primary key,
			creation datetime(6),
			modified datetime(6),
			modified_by varchar(140),
			owner varchar(140),
			docstatus tinyint not null default '0',
			idx int not null default '0',
			`label` varchar(140),
`id` varchar(140),
`key` varchar(140),
`type` varchar(140),
`mapped_to_crm_field` varchar(140),
parent varchar(140),
parentfield varchar(140),
parenttype varchar(140),
index parent(parent))
			ENGINE=InnoDB
			ROW_FORMAT=DYNAMIC
			CHARACTER SET=utf8mb4
			COLLATE=utf8mb4_unicode_ci
2026-04-13 12:28:15,164 WARNING database DDL Query made to DB:
ALTER TABLE `tabEmail Template` ADD COLUMN `enabled` tinyint(4) NOT NULL DEFAULT 0, ADD COLUMN `reference_doctype` varchar(140)
2026-04-13 12:28:15,582 WARNING database DDL Query made to DB:
ALTER TABLE `tabAssignment Rule` ADD COLUMN `assign_condition_json` longtext, ADD COLUMN `unassign_condition_json` longtext
2026-04-14 21:09:37,581 WARNING database DDL Query made to DB:
create table `tabCRM Research Run` (
			name varchar(140) primary key,
			creation datetime(6),
			modified datetime(6),
			modified_by varchar(140),
			owner varchar(140),
			docstatus tinyint not null default '0',
			idx int not null default '0',
			`experiment_type` varchar(140),
`run_stage` varchar(140) DEFAULT 'Executed',
`variant` varchar(140),
`owner_user` varchar(140) DEFAULT 'frappe.session.user',
`is_success` tinyint(4) NOT NULL DEFAULT 0,
`reference_doctype` varchar(140),
`reference_name` varchar(140),
`recommended_action` text,
`observed_outcome` varchar(140),
`conversion_delta_percent` decimal(21,9) NOT NULL DEFAULT 0.0,
`response_time_hours` decimal(21,9) NOT NULL DEFAULT 0.0,
`regret` decimal(21,9) NOT NULL DEFAULT 0.0,
`fairness_gap` decimal(21,9) NOT NULL DEFAULT 0.0,
`input_payload` longtext,
`result_payload` longtext,
`metrics_payload` longtext,
`period_start` date,
`period_end` date,
`executed_at` datetime(6),
`notes` text,
`_user_tags` text,
`_comments` text,
`_assign` text,
`_liked_by` text,
index creation(creation),
index modified(modified))
			ENGINE=InnoDB
			ROW_FORMAT=DYNAMIC
			CHARACTER SET=utf8mb4
			COLLATE=utf8mb4_unicode_ci
