2026-02-16 00:53:48,763 DEBUG cd frappe-bench && uv venv env --seed --python /home/emlad/.pyenv/versions/3.14.3/bin/python3.14
2026-02-16 00:53:50,376 LOG Getting frappe
2026-02-16 00:53:50,377 DEBUG cd frappe-bench/apps && git clone https://github.com/frappe/frappe.git --branch develop --depth 1 --origin upstream
2026-02-16 00:53:54,525 LOG Installing frappe
2026-02-16 00:53:54,528 DEBUG cd /home/emlad/Developer/frappe-crm-f0rk/frappe-bench && uv pip install --quiet --upgrade -e /home/emlad/Developer/frappe-crm-f0rk/frappe-bench/apps/frappe  --python /home/emlad/Developer/frappe-crm-f0rk/frappe-bench/env/bin/python
2026-02-16 00:53:57,146 DEBUG cd /home/emlad/Developer/frappe-crm-f0rk/frappe-bench/apps/frappe && yarn install --check-files
2026-02-16 00:54:08,591 DEBUG cd frappe-bench && bench build
2026-02-16 00:54:08,758 INFO /usr/local/bin/bench build
2026-02-16 00:54:30,917 LOG setting up backups
2026-02-16 00:54:30,922 LOG backups were set up
2026-02-16 00:54:30,923 INFO Bench frappe-bench initialized
2026-02-16 00:54:45,314 INFO /usr/local/bin/bench get-app /home/emlad/Developer/frappe-crm-f0rk
2026-02-16 00:54:45,325 LOG Getting frappe-crm-f0rk
2026-02-16 00:54:45,325 DEBUG cd ./apps && git clone /home/emlad/Developer/frappe-crm-f0rk --branch develop --depth 1 --origin upstream
2026-02-16 00:54:45,576 LOG Installing crm
2026-02-16 00:54:45,576 DEBUG cd /home/emlad/Developer/frappe-crm-f0rk/frappe-bench && uv pip install --quiet --upgrade -e /home/emlad/Developer/frappe-crm-f0rk/frappe-bench/apps/crm  --python /home/emlad/Developer/frappe-crm-f0rk/frappe-bench/env/bin/python
2026-02-16 00:54:46,681 WARNING cd /home/emlad/Developer/frappe-crm-f0rk/frappe-bench && uv pip install --quiet --upgrade -e /home/emlad/Developer/frappe-crm-f0rk/frappe-bench/apps/crm  --python /home/emlad/Developer/frappe-crm-f0rk/frappe-bench/env/bin/python executed with exit code 1
2026-02-16 00:54:46,682 WARNING /usr/local/bin/bench get-app /home/emlad/Developer/frappe-crm-f0rk executed with exit code 167
2026-02-16 00:55:20,620 INFO /usr/local/bin/bench get-app /home/emlad/Developer/frappe-crm-f0rk
2026-02-16 00:55:20,631 LOG Getting frappe-crm-f0rk
2026-02-16 00:55:20,631 DEBUG cd ./apps && git clone /home/emlad/Developer/frappe-crm-f0rk --branch develop --depth 1 --origin upstream
2026-02-16 00:55:20,889 WARNING /usr/local/bin/bench get-app /home/emlad/Developer/frappe-crm-f0rk executed with exit code 1
2026-02-16 00:55:33,246 INFO /usr/local/bin/bench get-app /home/emlad/Developer/frappe-crm-f0rk
2026-02-16 00:55:33,256 LOG Getting frappe-crm-f0rk
2026-02-16 00:55:33,257 DEBUG cd ./apps && git clone /home/emlad/Developer/frappe-crm-f0rk --branch develop --depth 1 --origin upstream
2026-02-16 00:55:33,474 LOG Installing crm
2026-02-16 00:55:33,474 DEBUG cd /home/emlad/Developer/frappe-crm-f0rk/frappe-bench && uv pip install --quiet --upgrade -e /home/emlad/Developer/frappe-crm-f0rk/frappe-bench/apps/crm  --python /home/emlad/Developer/frappe-crm-f0rk/frappe-bench/env/bin/python
2026-02-16 00:55:34,167 WARNING cd /home/emlad/Developer/frappe-crm-f0rk/frappe-bench && uv pip install --quiet --upgrade -e /home/emlad/Developer/frappe-crm-f0rk/frappe-bench/apps/crm  --python /home/emlad/Developer/frappe-crm-f0rk/frappe-bench/env/bin/python executed with exit code 1
2026-02-16 00:55:34,167 WARNING /usr/local/bin/bench get-app /home/emlad/Developer/frappe-crm-f0rk executed with exit code 167
2026-02-16 00:59:20,451 INFO /usr/local/bin/bench new-site crm.localhost --mariadb-root-password admin --admin-password admin --install-app crm
2026-02-16 00:59:45,282 INFO /usr/local/bin/bench new-site crm.localhost --mariadb-root-password admin --admin-password admin --install-app crm
2026-02-16 00:59:54,146 INFO /usr/local/bin/bench new-site crm.localhost --mariadb-root-password admin --admin-password admin --install-app crm --force
2026-02-16 01:00:57,789 INFO /usr/local/bin/bench --site crm.localhost install-app crm
2026-02-16 01:01:30,504 INFO /usr/local/bin/bench new-site crm.localhost --mariadb-root-password admin --admin-password admin --force
2026-02-16 01:01:46,426 INFO /usr/local/bin/bench new-site crm.localhost --mariadb-root-password admin --admin-password admin --force
2026-02-16 01:02:38,297 INFO /usr/local/bin/bench --site crm.localhost install-app crm
2026-02-16 01:03:06,082 INFO /usr/local/bin/bench set-config -g developer_mode 1
2026-02-16 01:03:06,878 INFO /usr/local/bin/bench --site crm.localhost set-config developer_mode 1
2026-02-16 01:03:45,914 INFO /usr/local/bin/bench use crm.localhost
2026-02-16 01:03:55,644 INFO /usr/local/bin/bench start
2026-02-16 01:03:55,964 INFO /usr/local/bin/bench worker
2026-02-16 01:03:55,974 INFO /usr/local/bin/bench serve --port 8000
2026-02-16 01:03:55,982 INFO /usr/local/bin/bench watch
2026-02-16 01:03:55,998 INFO /usr/local/bin/bench schedule
2026-02-16 01:17:23,119 INFO /usr/local/bin/bench --site crm.localhost execute frappe.get_all('DocType', filters={'module': 'CRM'}, fields=['name'])
2026-02-16 01:19:06,060 INFO /usr/local/bin/bench build --app crm
2026-02-16 01:22:38,448 INFO /usr/local/bin/bench remove-app crm
2026-02-16 01:22:38,626 INFO /usr/local/bin/bench --site all list-apps --format json
2026-02-16 01:22:39,603 WARNING /usr/local/bin/bench remove-app crm executed with exit code 1
2026-02-16 01:22:47,706 INFO /usr/local/bin/bench --site crm.localhost uninstall-app crm --yes --no-backup
2026-02-16 01:23:05,522 INFO /usr/local/bin/bench remove-app crm
2026-02-16 01:23:05,686 INFO /usr/local/bin/bench --site all list-apps --format json
2026-02-16 01:23:06,793 INFO /usr/local/bin/bench --site crm.localhost list-apps
2026-02-16 01:23:07,681 DEBUG cd /home/emlad/Developer/frappe-crm-f0rk/frappe-bench && uv pip uninstall crm --python /home/emlad/Developer/frappe-crm-f0rk/frappe-bench/env/bin/python
2026-02-16 01:23:08,410 INFO /usr/local/bin/bench get-app https://github.com/frappe/crm --branch main
2026-02-16 01:23:11,538 WARNING /usr/local/bin/bench get-app https://github.com/frappe/crm --branch main executed with exit code 1
2026-02-16 01:23:13,793 INFO App moved from apps/crm to archived/apps/crm-2026-02-16
2026-02-16 01:23:23,900 INFO /usr/local/bin/bench get-app https://github.com/frappe/crm --branch main
2026-02-16 01:23:23,910 LOG Getting crm
2026-02-16 01:23:23,910 DEBUG cd ./apps && git clone https://github.com/frappe/crm --branch main --depth 1 --origin upstream
2026-02-16 01:23:26,571 LOG Installing crm
2026-02-16 01:23:26,571 DEBUG cd /home/emlad/Developer/frappe-crm-f0rk/frappe-bench && uv pip install --quiet --upgrade -e /home/emlad/Developer/frappe-crm-f0rk/frappe-bench/apps/crm  --python /home/emlad/Developer/frappe-crm-f0rk/frappe-bench/env/bin/python
2026-02-16 01:23:27,855 DEBUG cd /home/emlad/Developer/frappe-crm-f0rk/frappe-bench/apps/crm && yarn install --check-files
2026-02-16 01:23:44,708 DEBUG bench build --app crm
2026-02-16 01:23:44,874 INFO /usr/local/bin/bench build --app crm
2026-02-16 01:24:50,938 INFO /usr/local/bin/bench --site crm.localhost install-app crm
2026-02-16 01:25:36,748 INFO /usr/local/bin/bench start
2026-02-16 01:25:56,405 INFO /usr/local/bin/bench start
2026-02-16 01:25:56,687 INFO /usr/local/bin/bench serve --port 8000
2026-02-16 01:25:56,697 INFO /usr/local/bin/bench schedule
2026-02-16 01:25:56,717 INFO /usr/local/bin/bench watch
2026-02-16 01:25:56,732 INFO /usr/local/bin/bench worker
2026-02-16 01:42:39,607 INFO /usr/local/bin/bench doctor
2026-02-16 01:43:47,399 INFO /usr/local/bin/bench --site crm.localhost migrate
2026-02-16 01:44:03,305 INFO /usr/local/bin/bench --site crm.localhost migrate
2026-02-16 01:44:18,649 INFO /usr/local/bin/bench start
2026-02-16 01:45:07,986 INFO /usr/local/bin/bench start
2026-02-16 01:45:08,344 INFO /usr/local/bin/bench worker
2026-02-16 01:45:08,356 INFO /usr/local/bin/bench schedule
2026-02-16 01:45:08,357 INFO /usr/local/bin/bench watch
2026-02-16 01:45:08,360 INFO /usr/local/bin/bench serve --port 8000
2026-02-16 01:46:37,614 INFO /usr/local/bin/bench start
2026-02-16 01:46:37,929 INFO /usr/local/bin/bench serve --port 8000
2026-02-16 01:46:37,933 INFO /usr/local/bin/bench schedule
2026-02-16 01:46:37,934 INFO /usr/local/bin/bench watch
2026-02-16 01:46:37,941 INFO /usr/local/bin/bench worker
2026-02-16 01:47:28,497 INFO /usr/local/bin/bench serve --port 8000
2026-02-16 01:48:04,664 INFO /usr/local/bin/bench serve --port 8000
2026-02-16 01:52:52,995 INFO /usr/local/bin/bench serve --port 8000
2026-02-16 01:56:57,172 INFO /usr/local/bin/bench --site crm.localhost install-app crm --force
2026-02-16 01:57:12,167 INFO /usr/local/bin/bench --site crm.localhost console
2026-02-16 01:57:21,381 INFO /usr/local/bin/bench --site crm.localhost migrate
2026-02-16 01:57:47,718 INFO /usr/local/bin/bench --site crm.localhost migrate
2026-02-16 01:58:04,869 INFO /usr/local/bin/bench --site crm.localhost mariadb
2026-02-16 01:58:13,130 INFO /usr/local/bin/bench --site crm.localhost console
2026-02-16 01:58:52,072 INFO /usr/local/bin/bench --site crm.localhost console
2026-02-16 02:08:38,305 INFO /usr/local/bin/bench serve --port 8000
2026-02-16 02:10:36,575 INFO /usr/local/bin/bench serve --port 8000
2026-02-16 02:11:38,057 INFO /usr/local/bin/bench serve --port 8000
2026-02-16 02:13:14,979 INFO /usr/local/bin/bench serve --port 8000
2026-02-16 02:14:35,685 INFO /usr/local/bin/bench serve --port 8000
2026-02-16 02:20:03,695 INFO /usr/local/bin/bench start socketio
2026-02-16 02:20:03,706 WARNING /usr/local/bin/bench start socketio executed with exit code 2
2026-02-16 02:21:21,410 INFO /usr/local/bin/bench serve --port 8000
2026-02-16 02:22:17,884 INFO /usr/local/bin/bench serve --port 8000
2026-02-16 02:22:48,447 INFO /usr/local/bin/bench serve --port 8000
2026-02-16 02:28:04,687 INFO /usr/local/bin/bench --site crm.localhost mariadb -e SELECT name, lead_name, status FROM `tabCRM Lead` LIMIT 5;
2026-02-16 06:00:03,715 INFO /usr/local/bin/bench --verbose --site all backup
2026-02-17 06:00:01,525 INFO /usr/local/bin/bench --verbose --site all backup
2026-02-18 06:00:01,934 INFO /usr/local/bin/bench --verbose --site all backup
2026-02-18 12:00:00,768 INFO /usr/local/bin/bench --verbose --site all backup
2026-02-18 18:00:01,649 INFO /usr/local/bin/bench --verbose --site all backup
2026-02-19 00:00:02,889 INFO /usr/local/bin/bench --verbose --site all backup
2026-02-20 00:00:02,575 INFO /usr/local/bin/bench --verbose --site all backup
2026-02-20 06:00:04,413 INFO /usr/local/bin/bench --verbose --site all backup
2026-02-20 12:00:05,734 INFO /usr/local/bin/bench --verbose --site all backup
2026-02-20 18:00:02,348 INFO /usr/local/bin/bench --verbose --site all backup
2026-02-21 00:00:01,309 INFO /usr/local/bin/bench --verbose --site all backup
2026-02-21 06:00:01,238 INFO /usr/local/bin/bench --verbose --site all backup
2026-02-21 12:00:02,120 INFO /usr/local/bin/bench --verbose --site all backup
2026-02-21 18:00:00,439 INFO /usr/local/bin/bench --verbose --site all backup
2026-02-22 00:00:01,529 INFO /usr/local/bin/bench --verbose --site all backup
2026-02-22 12:00:01,310 INFO /usr/local/bin/bench --verbose --site all backup
2026-02-22 18:00:03,548 INFO /usr/local/bin/bench --verbose --site all backup
2026-02-23 00:00:04,448 INFO /usr/local/bin/bench --verbose --site all backup
2026-02-23 06:00:03,878 INFO /usr/local/bin/bench --verbose --site all backup
2026-03-11 00:00:01,610 INFO /usr/local/bin/bench --verbose --site all backup
2026-03-11 06:00:02,117 INFO /usr/local/bin/bench --verbose --site all backup
2026-03-11 12:00:04,265 INFO /usr/local/bin/bench --verbose --site all backup
2026-03-11 18:00:05,821 INFO /usr/local/bin/bench --verbose --site all backup
2026-03-12 00:00:04,264 INFO /usr/local/bin/bench --verbose --site all backup
2026-03-12 06:00:08,459 INFO /usr/local/bin/bench --verbose --site all backup
2026-03-13 18:00:02,274 INFO /usr/local/bin/bench --verbose --site all backup
2026-03-14 00:00:01,892 INFO /usr/local/bin/bench --verbose --site all backup
2026-03-14 06:00:01,326 INFO /usr/local/bin/bench --verbose --site all backup
2026-03-14 12:00:01,597 INFO /usr/local/bin/bench --verbose --site all backup
2026-03-16 12:00:06,006 INFO /usr/local/bin/bench --verbose --site all backup
2026-03-19 12:00:03,734 INFO /usr/local/bin/bench --verbose --site all backup
2026-03-20 00:00:06,845 INFO /usr/local/bin/bench --verbose --site all backup
2026-03-20 06:00:04,753 INFO /usr/local/bin/bench --verbose --site all backup
2026-03-20 12:00:06,283 INFO /usr/local/bin/bench --verbose --site all backup
2026-03-20 18:00:01,434 INFO /usr/local/bin/bench --verbose --site all backup
2026-03-21 00:00:03,605 INFO /usr/local/bin/bench --verbose --site all backup
2026-03-21 12:00:02,249 INFO /usr/local/bin/bench --verbose --site all backup
2026-03-21 18:00:03,135 INFO /usr/local/bin/bench --verbose --site all backup
2026-03-22 00:00:05,126 INFO /usr/local/bin/bench --verbose --site all backup
2026-03-25 18:00:02,714 INFO /usr/local/bin/bench --verbose --site all backup
2026-03-26 00:00:04,072 INFO /usr/local/bin/bench --verbose --site all backup
2026-03-26 06:00:05,800 INFO /usr/local/bin/bench --verbose --site all backup
2026-03-26 12:00:06,752 INFO /usr/local/bin/bench --verbose --site all backup
2026-03-26 18:00:02,005 INFO /usr/local/bin/bench --verbose --site all backup
2026-03-27 00:00:04,203 INFO /usr/local/bin/bench --verbose --site all backup
2026-03-27 12:00:05,259 INFO /usr/local/bin/bench --verbose --site all backup
2026-03-27 18:00:01,768 INFO /usr/local/bin/bench --verbose --site all backup
2026-03-28 00:00:04,425 INFO /usr/local/bin/bench --verbose --site all backup
2026-03-28 18:00:02,434 INFO /usr/local/bin/bench --verbose --site all backup
2026-03-29 00:00:04,800 INFO /usr/local/bin/bench --verbose --site all backup
2026-03-29 06:00:06,060 INFO /usr/local/bin/bench --verbose --site all backup
2026-03-29 12:00:04,958 INFO /usr/local/bin/bench --verbose --site all backup
2026-03-29 18:00:03,694 INFO /usr/local/bin/bench --verbose --site all backup
2026-03-30 00:00:05,634 INFO /usr/local/bin/bench --verbose --site all backup
2026-03-30 06:00:04,248 INFO /usr/local/bin/bench --verbose --site all backup
2026-03-30 18:00:01,879 INFO /usr/local/bin/bench --verbose --site all backup
2026-03-31 00:00:02,966 INFO /usr/local/bin/bench --verbose --site all backup
2026-03-31 06:00:03,995 INFO /usr/local/bin/bench --verbose --site all backup
2026-03-31 12:00:04,241 INFO /usr/local/bin/bench --verbose --site all backup
2026-03-31 18:00:02,320 INFO /usr/local/bin/bench --verbose --site all backup
2026-04-01 00:00:03,315 INFO /usr/local/bin/bench --verbose --site all backup
2026-04-01 06:00:04,953 INFO /usr/local/bin/bench --verbose --site all backup
2026-04-01 12:00:03,648 INFO /usr/local/bin/bench --verbose --site all backup
2026-04-01 18:00:01,887 INFO /usr/local/bin/bench --verbose --site all backup
2026-04-06 12:00:07,056 INFO /usr/local/bin/bench --verbose --site all backup
2026-04-06 18:00:02,806 INFO /usr/local/bin/bench --verbose --site all backup
2026-04-07 00:00:04,524 INFO /usr/local/bin/bench --verbose --site all backup
2026-04-07 06:00:06,901 INFO /usr/local/bin/bench --verbose --site all backup
2026-04-07 12:00:07,805 INFO /usr/local/bin/bench --verbose --site all backup
2026-04-07 18:00:02,726 INFO /usr/local/bin/bench --verbose --site all backup
2026-04-08 00:00:04,980 INFO /usr/local/bin/bench --verbose --site all backup
2026-04-08 06:00:06,527 INFO /usr/local/bin/bench --verbose --site all backup
2026-04-08 12:00:04,209 INFO /usr/local/bin/bench --verbose --site all backup
2026-04-08 18:00:02,135 INFO /usr/local/bin/bench --verbose --site all backup
2026-04-10 00:00:02,276 INFO /usr/local/bin/bench --verbose --site all backup
2026-04-10 06:00:04,228 INFO /usr/local/bin/bench --verbose --site all backup
2026-04-10 12:00:05,661 INFO /usr/local/bin/bench --verbose --site all backup
2026-04-10 18:00:03,609 INFO /usr/local/bin/bench --verbose --site all backup
2026-04-11 12:00:03,298 INFO /usr/local/bin/bench --verbose --site all backup
2026-04-11 18:00:07,021 INFO /usr/local/bin/bench --verbose --site all backup
2026-04-12 00:00:04,044 INFO /usr/local/bin/bench --verbose --site all backup
2026-04-12 06:00:01,884 INFO /usr/local/bin/bench --verbose --site all backup
2026-04-12 12:00:02,653 INFO /usr/local/bin/bench --verbose --site all backup
2026-04-12 18:00:01,729 INFO /usr/local/bin/bench --verbose --site all backup
2026-04-13 00:00:03,740 INFO /usr/local/bin/bench --verbose --site all backup
2026-04-13 06:00:05,706 INFO /usr/local/bin/bench --verbose --site all backup
2026-04-13 12:00:02,204 INFO /usr/local/bin/bench --verbose --site all backup
2026-04-13 12:16:55,250 INFO /usr/local/bin/bench start
2026-04-13 12:16:55,657 INFO /usr/local/bin/bench serve --port 8000
2026-04-13 12:16:55,664 INFO /usr/local/bin/bench watch
2026-04-13 12:16:55,670 INFO /usr/local/bin/bench schedule
2026-04-13 12:16:55,682 INFO /usr/local/bin/bench worker
2026-04-13 12:17:32,851 INFO /usr/local/bin/bench start --help
2026-04-13 12:17:51,251 INFO /usr/local/bin/bench --help
2026-04-13 12:18:30,251 INFO /usr/local/bin/bench start --no-dev
2026-04-13 12:18:30,561 INFO /usr/local/bin/bench serve --port 8000
2026-04-13 12:18:30,563 INFO /usr/local/bin/bench watch
2026-04-13 12:18:30,570 INFO /usr/local/bin/bench schedule
2026-04-13 12:18:30,570 INFO /usr/local/bin/bench worker
2026-04-13 12:23:20,254 INFO /usr/local/bin/bench start -p Procfile.nowatch
2026-04-13 12:23:20,566 INFO /usr/local/bin/bench worker
2026-04-13 12:23:20,567 INFO /usr/local/bin/bench schedule
2026-04-13 12:23:20,571 INFO /usr/local/bin/bench serve --port 8000
2026-04-13 12:24:46,898 INFO /usr/local/bin/bench serve --port 8000
2026-04-13 12:24:55,608 INFO /usr/local/bin/bench serve --port 8000
2026-04-13 12:27:18,654 INFO /usr/local/bin/bench --site crm.localhost reinstall --yes --mariadb-root-password 123
2026-04-13 12:28:08,712 INFO /usr/local/bin/bench --site crm.localhost install-app crm
2026-04-13 12:28:41,202 INFO /usr/local/bin/bench --site crm.localhost set-admin-password admin
2026-04-13 18:00:04,007 INFO /usr/local/bin/bench --verbose --site all backup
2026-04-13 23:56:09,189 INFO /usr/local/bin/bench --site crm.localhost execute frappe.db.count --args ["CRM Lead"]
2026-04-13 23:56:57,902 INFO /usr/local/bin/bench --site crm.localhost execute frappe.db.count --args ["CRM Lead"]
2026-04-13 23:57:07,778 INFO /usr/local/bin/bench --site crm.localhost mariadb -N -e select 'lead_count', count(*) from `tabCRM Lead`; select 'deal_count', count(*) from `tabCRM Deal`;
2026-04-13 23:58:02,250 INFO /usr/local/bin/bench --site crm.localhost execute crm.utils.fake_data.seed_fake_data --kwargs {"leads": 40, "deals": 22}
2026-04-13 23:58:03,633 INFO /usr/local/bin/bench --site crm.localhost mariadb -N -e select 'org_count', count(*) from `tabCRM Organization`; select 'lead_count', count(*) from `tabCRM Lead`; select 'deal_count', count(*) from `tabCRM Deal`;
2026-04-13 23:58:13,463 INFO /usr/local/bin/bench --site crm.localhost console
2026-04-13 23:58:52,359 INFO /usr/local/bin/bench --site crm.localhost console
2026-04-13 23:59:27,148 INFO /usr/local/bin/bench --site crm.localhost mariadb -N -e select 'org_count', count(*) from `tabCRM Organization`; select 'lead_count', count(*) from `tabCRM Lead`; select 'deal_count', count(*) from `tabCRM Deal`;
2026-04-14 00:00:04,862 INFO /usr/local/bin/bench --verbose --site all backup
2026-04-14 00:12:37,100 INFO /usr/local/bin/bench --site crm.localhost console
2026-04-14 00:14:54,891 INFO /usr/local/bin/bench --site crm.localhost mariadb -N -e select 'lead_count', count(*) from `tabCRM Lead`; select 'deal_count', count(*) from `tabCRM Deal`; select 'won_count', count(*) from `tabCRM Deal` d join `tabCRM Deal Status` s on d.status=s.name where s.type='Won'; select 'lead_date_span', min(date(creation)), max(date(creation)) from `tabCRM Lead`; select 'deal_date_span', min(date(creation)), max(date(creation)) from `tabCRM Deal`; select 'won_close_span', min(closed_date), max(closed_date) from `tabCRM Deal` d join `tabCRM Deal Status` s on d.status=s.name where s.type='Won';
2026-04-14 00:26:03,236 INFO /usr/local/bin/bench --site crm.localhost console
2026-04-14 00:26:33,184 INFO /usr/local/bin/bench --site crm.localhost console
2026-04-14 06:00:05,723 INFO /usr/local/bin/bench --verbose --site all backup
2026-04-14 12:00:07,356 INFO /usr/local/bin/bench --verbose --site all backup
2026-04-14 18:00:04,970 INFO /usr/local/bin/bench --verbose --site all backup
2026-04-14 20:55:33,809 INFO /usr/local/bin/bench --site crm.localhost migrate
2026-04-14 20:56:49,997 INFO /usr/local/bin/bench --site crm.localhost console
2026-04-14 21:09:34,710 INFO /usr/local/bin/bench --site crm.localhost migrate
2026-04-14 21:09:52,000 INFO /usr/local/bin/bench --site crm.localhost execute crm.api.research_lab.get_fairness_snapshot
2026-04-14 21:10:02,732 INFO /usr/local/bin/bench --site crm.localhost execute crm.api.research_lab.recommend_next_best_action --kwargs {"context":"Customer opened pricing page twice and asked about setup timeline","customer_segment":"SMB","objective":"increase_demo_bookings"}
2026-04-14 21:10:27,320 INFO /usr/local/bin/bench --site crm.localhost execute crm.api.research_lab.recommend_next_best_action
2026-04-14 21:10:37,819 INFO /usr/local/bin/bench --site crm.localhost execute crm.api.research_lab.log_next_best_action_outcome --kwargs {"run_name":"RRUN-0003","outcome":"positive","notes":"Smoke test"}
2026-04-14 21:11:24,499 INFO /usr/local/bin/bench --site crm.localhost execute crm.api.research_lab.log_next_best_action_outcome --kwargs {"run_name":"RRUN-0003","is_success":1,"observed_outcome":"Smoke test positive"}
2026-04-14 21:11:32,328 INFO /usr/local/bin/bench --site crm.localhost execute crm.api.research_lab.get_ab_report --kwargs {"period_days":30}
2026-04-14 21:13:18,864 INFO /usr/local/bin/bench build --app crm
2026-04-14 21:13:30,901 INFO /usr/local/bin/bench --version
2026-04-14 21:14:24,302 INFO /usr/local/bin/bench build --app crm --production
2026-04-14 21:16:53,169 INFO /usr/local/bin/bench build --app crm --production
2026-04-14 21:18:12,141 INFO /usr/local/bin/bench build --app crm --production
2026-04-14 21:19:35,570 INFO /usr/local/bin/bench build --app crm --production
2026-04-14 21:21:06,418 INFO /usr/local/bin/bench build --app crm --production
2026-04-14 21:21:42,711 INFO /usr/local/bin/bench build --app crm --production
2026-04-14 21:23:33,613 INFO /usr/local/bin/bench build --app crm --production
2026-04-14 21:24:29,660 INFO /usr/local/bin/bench build --app crm --production
2026-04-14 21:25:48,773 INFO /usr/local/bin/bench build --app crm --production
2026-04-14 21:27:29,439 INFO /usr/local/bin/bench build --app crm --production
2026-04-14 21:29:10,278 INFO /usr/local/bin/bench build --app crm --production
2026-04-14 21:33:44,627 INFO /usr/local/bin/bench build --app crm --production
2026-04-14 21:35:34,871 INFO /usr/local/bin/bench build --app crm --production
2026-04-14 21:38:14,497 INFO /usr/local/bin/bench restart
2026-04-14 21:38:52,893 INFO /usr/local/bin/bench --site crm.localhost execute crm.api.research_lab.get_ab_report --kwargs {"period_days":30}
2026-04-14 23:16:31,004 INFO /usr/local/bin/bench --site crm.test execute frappe.get_meta("CRM Lead").fields | [x.fieldname for x in _]
2026-04-14 23:16:44,415 INFO /usr/local/bin/bench --site crm.localhost execute frappe.get_meta('CRM Lead').fields
2026-04-14 23:16:58,039 INFO /usr/local/bin/bench --site crm.localhost execute frappe.get_meta('CRM Deal').fields
2026-04-14 23:51:32,270 INFO /usr/local/bin/bench --site crm.localhost execute frappe.get_doc('CRM Settings').as_dict()
2026-04-15 00:00:07,228 INFO /usr/local/bin/bench --verbose --site all backup
2026-04-15 00:10:48,401 INFO /usr/local/bin/bench --site crm.localhost execute crm.api.research_lab.get_real_fairness_audit
2026-04-15 00:10:56,762 INFO /usr/local/bin/bench --site crm.localhost execute frappe.call('crm.api.research_lab.get_real_fairness_audit')
2026-04-15 00:11:39,208 INFO /usr/local/bin/bench --site crm.localhost execute frappe.call('crm.api.research_lab.get_real_fairness_audit')
2026-04-15 06:00:02,639 INFO /usr/local/bin/bench --verbose --site all backup
2026-04-15 12:00:04,602 INFO /usr/local/bin/bench --verbose --site all backup
2026-04-15 18:00:04,243 INFO /usr/local/bin/bench --verbose --site all backup
